// Jest Snapshot v1, https://goo.gl/fbAQLP

exports[`icon icon是一个svg 1`] = `
<svg
  className="reactComponent-icon"
>
  <use
    xlinkHref="#wechat"
  />
</svg>
`;

exports[`icon render成功 1`] = `
<svg
  className="reactComponent-icon"
>
  <use
    xlinkHref="#wechat"
  />
</svg>
`;
