// Jest Snapshot v1, https://goo.gl/fbAQLP

exports[`button button是一个div 1`] = `
<div>
  lalaxinnige gui 
</div>
`;
